// Vitest Snapshot v1, https://vitest.dev/guide/snapshot.html

exports[`engine — sampled paths > trajectory snapshot: sampledPaths[0] matches deterministic fixture 1`] = `
[
  1000,
  860,
  720,
  580,
  440,
  700,
  560,
  820,
  680,
  540,
  400,
  660,
  520,
  380,
  240,
  500,
  360,
  220,
  80,
]
`;
